// Vitest Snapshot v1, https://vitest.dev/guide/snapshot.html

exports[`Post component > should render post page 1`] = `
<div>
  <main
    class="_Post_67f347"
  >
    <article>
      <h2
        class="_title_67f347"
      >
        Post title 1
        <div
          class="_createdAt_67f347"
        >
          30 Oct 2025
        </div>
      </h2>
      <p
        class="_content_67f347"
      />
    </article>
    <h4
      class="_comments_66cb20"
    >
      Comments
    </h4>
    <h5
      class="_loading_66cb20"
    >
      Loading...
    </h5>
  </main>
</div>
`;
