// Vitest Snapshot v1, https://vitest.dev/guide/snapshot.html

exports[`App component > Footer > should render home page 1`] = `
<div>
  <div
    class="_App_48b8bb"
  >
    <header
      class="_Header_a5ffa8"
    >
      <div
        class="_headerChild_a5ffa8"
      >
        <a
          class="_logo_a5ffa8"
          data-discover="true"
          href="/"
        >
          Blog
        </a>
        <nav
          class="_nav_a5ffa8"
        >
          <a
            class="_link_a5ffa8"
            data-discover="true"
            href="/"
          >
            Posts
          </a>
          <a
            class="_link_a5ffa8"
            data-discover="true"
            href="/about"
          >
            About
          </a>
          <a
            class="_link_a5ffa8"
            data-discover="true"
            href="/contact"
          >
            Contact
          </a>
        </nav>
      </div>
    </header>
    <main
      class="_Home_5cbdfa"
    >
      <ul
        class="_HomeList_e3c83a"
      >
        <li
          class="_PostPreview_eab267"
        >
          <a
            class="_link_eab267"
            data-discover="true"
            href="/posts/1"
          >
            <h2
              class="_title_eab267"
            >
              Post title 1
            </h2>
          </a>
          <div
            class="_date_eab267"
          >
            29 Oct 2025
          </div>
        </li>
        <li
          class="_PostPreview_eab267"
        >
          <a
            class="_link_eab267"
            data-discover="true"
            href="/posts/2"
          >
            <h2
              class="_title_eab267"
            >
              Post title 2
            </h2>
          </a>
          <div
            class="_date_eab267"
          >
            29 Oct 2025
          </div>
        </li>
      </ul>
    </main>
    <footer
      class="_Footer_91da1a"
    >
      <nav
        class="_nav_91da1a"
      >
        <a
          class="_link_91da1a"
          data-discover="true"
          href="/"
        >
          Blog
        </a>
        <a
          class="_link_91da1a"
          data-discover="true"
          href="/about"
        >
          About
        </a>
        <a
          class="_link_91da1a"
          data-discover="true"
          href="/contact"
        >
          Contact
        </a>
      </nav>
      <div
        class="_copyright_91da1a"
      >
        © 2025 All rights reserved 
      </div>
    </footer>
  </div>
</div>
`;

exports[`App component > Header > should render home page 1`] = `
<div>
  <div
    class="_App_48b8bb"
  >
    <header
      class="_Header_a5ffa8"
    >
      <div
        class="_headerChild_a5ffa8"
      >
        <a
          class="_logo_a5ffa8"
          data-discover="true"
          href="/"
        >
          Blog
        </a>
        <nav
          class="_nav_a5ffa8"
        >
          <a
            class="_link_a5ffa8"
            data-discover="true"
            href="/"
          >
            Posts
          </a>
          <a
            class="_link_a5ffa8"
            data-discover="true"
            href="/about"
          >
            About
          </a>
          <a
            class="_link_a5ffa8"
            data-discover="true"
            href="/contact"
          >
            Contact
          </a>
        </nav>
      </div>
    </header>
    <main
      class="_Home_5cbdfa"
    >
      <ul
        class="_HomeList_e3c83a"
      >
        <li
          class="_PostPreview_eab267"
        >
          <a
            class="_link_eab267"
            data-discover="true"
            href="/posts/1"
          >
            <h2
              class="_title_eab267"
            >
              Post title 1
            </h2>
          </a>
          <div
            class="_date_eab267"
          >
            29 Oct 2025
          </div>
        </li>
        <li
          class="_PostPreview_eab267"
        >
          <a
            class="_link_eab267"
            data-discover="true"
            href="/posts/2"
          >
            <h2
              class="_title_eab267"
            >
              Post title 2
            </h2>
          </a>
          <div
            class="_date_eab267"
          >
            29 Oct 2025
          </div>
        </li>
      </ul>
    </main>
    <footer
      class="_Footer_91da1a"
    >
      <nav
        class="_nav_91da1a"
      >
        <a
          class="_link_91da1a"
          data-discover="true"
          href="/"
        >
          Blog
        </a>
        <a
          class="_link_91da1a"
          data-discover="true"
          href="/about"
        >
          About
        </a>
        <a
          class="_link_91da1a"
          data-discover="true"
          href="/contact"
        >
          Contact
        </a>
      </nav>
      <div
        class="_copyright_91da1a"
      >
        © 2025 All rights reserved 
      </div>
    </footer>
  </div>
</div>
`;

exports[`App component > Header > should render posts(home) page 1`] = `
<div>
  <div
    class="_App_48b8bb"
  >
    <header
      class="_Header_a5ffa8"
    >
      <div
        class="_headerChild_a5ffa8"
      >
        <a
          class="_logo_a5ffa8"
          data-discover="true"
          href="/"
        >
          Blog
        </a>
        <nav
          class="_nav_a5ffa8"
        >
          <a
            class="_link_a5ffa8"
            data-discover="true"
            href="/"
          >
            Posts
          </a>
          <a
            class="_link_a5ffa8"
            data-discover="true"
            href="/about"
          >
            About
          </a>
          <a
            class="_link_a5ffa8"
            data-discover="true"
            href="/contact"
          >
            Contact
          </a>
        </nav>
      </div>
    </header>
    <main
      class="_Home_5cbdfa"
    >
      <ul
        class="_HomeList_e3c83a"
      >
        <li
          class="_PostPreview_eab267"
        >
          <a
            class="_link_eab267"
            data-discover="true"
            href="/posts/1"
          >
            <h2
              class="_title_eab267"
            >
              Post title 1
            </h2>
          </a>
          <div
            class="_date_eab267"
          >
            29 Oct 2025
          </div>
        </li>
        <li
          class="_PostPreview_eab267"
        >
          <a
            class="_link_eab267"
            data-discover="true"
            href="/posts/2"
          >
            <h2
              class="_title_eab267"
            >
              Post title 2
            </h2>
          </a>
          <div
            class="_date_eab267"
          >
            29 Oct 2025
          </div>
        </li>
      </ul>
    </main>
    <footer
      class="_Footer_91da1a"
    >
      <nav
        class="_nav_91da1a"
      >
        <a
          class="_link_91da1a"
          data-discover="true"
          href="/"
        >
          Blog
        </a>
        <a
          class="_link_91da1a"
          data-discover="true"
          href="/about"
        >
          About
        </a>
        <a
          class="_link_91da1a"
          data-discover="true"
          href="/contact"
        >
          Contact
        </a>
      </nav>
      <div
        class="_copyright_91da1a"
      >
        © 2025 All rights reserved 
      </div>
    </footer>
  </div>
</div>
`;

exports[`App component > Layout > should render the layout of App 1`] = `
<div>
  <div
    class="_App_48b8bb"
  >
    <header
      class="_Header_a5ffa8"
    >
      <div
        class="_headerChild_a5ffa8"
      >
        <a
          class="_logo_a5ffa8"
          data-discover="true"
          href="/"
        >
          Blog
        </a>
        <nav
          class="_nav_a5ffa8"
        >
          <a
            class="_link_a5ffa8"
            data-discover="true"
            href="/"
          >
            Posts
          </a>
          <a
            class="_link_a5ffa8"
            data-discover="true"
            href="/about"
          >
            About
          </a>
          <a
            class="_link_a5ffa8"
            data-discover="true"
            href="/contact"
          >
            Contact
          </a>
        </nav>
      </div>
    </header>
    <main
      class="_Home_5cbdfa"
    >
      <ul
        class="_HomeList_e3c83a"
      >
        <li
          class="_PostPreview_eab267"
        >
          <a
            class="_link_eab267"
            data-discover="true"
            href="/posts/1"
          >
            <h2
              class="_title_eab267"
            >
              Post title 1
            </h2>
          </a>
          <div
            class="_date_eab267"
          >
            29 Oct 2025
          </div>
        </li>
        <li
          class="_PostPreview_eab267"
        >
          <a
            class="_link_eab267"
            data-discover="true"
            href="/posts/2"
          >
            <h2
              class="_title_eab267"
            >
              Post title 2
            </h2>
          </a>
          <div
            class="_date_eab267"
          >
            29 Oct 2025
          </div>
        </li>
      </ul>
    </main>
    <footer
      class="_Footer_91da1a"
    >
      <nav
        class="_nav_91da1a"
      >
        <a
          class="_link_91da1a"
          data-discover="true"
          href="/"
        >
          Blog
        </a>
        <a
          class="_link_91da1a"
          data-discover="true"
          href="/about"
        >
          About
        </a>
        <a
          class="_link_91da1a"
          data-discover="true"
          href="/contact"
        >
          Contact
        </a>
      </nav>
      <div
        class="_copyright_91da1a"
      >
        © 2025 All rights reserved 
      </div>
    </footer>
  </div>
</div>
`;
